// Jest Snapshot v1, https://goo.gl/fbAQLP

exports[`render <ConfirmTerms /> 1`] = `
<div
  className="sc-dxgOiQ cjxoVF"
>
  <text
    className="sc-kEYyzF cjRfLf"
  >
    Terms of Service
  </text>
  <div
    className="sc-ckVGcZ dstvqO"
  >
    <div
      className="sc-gzVnrw bxfcKu"
    >
      <h2
        className="sc-EHOje xvqjN"
      >
        Introduction
      </h2>
      <p
        className="sc-bZQynM iNQtbA"
      >
        These terms of service contain basic promises. In providing our services, Helte Co., Ltd. will guide you through these terms of service.

- Sail provides a platform for native speakers of Japanese (hereinafter referred to as “Japanese Speakers”) and non-native speakers of Japanese (hereinafter referred to as “Other Language Speakers”) to engage in cross-cultural exchange through conversations in Japanese online by using an application. 
- Japanese Speakers can reserve a time frame in which they wish to communicate with Other Language Speakers. 
- Other Language Speakers will send a request for a conversation by checking the reserved frames of Japanese Speakers. 
- Once a match is made, you will be able to start a 25 minutes conversation each time from the reserved time. If there are many requests, the match will be made automatically. 
- Let’s enjoy the conversation with common sense. 
- We will take strict action against any unauthorized use.
      </p>
      <div
        className="sc-htoDjs gFOxtN"
      >
        <h2
          className="sc-EHOje xvqjN"
        >
          Operative Part
        </h2>
        <p
          className="sc-bZQynM iNQtbA"
        >
          These terms of service (hereinafter referred to as these “Terms”) set forth the terms and conditions of use for the online communication service “Sail” (hereinafter referred to as the “Service”) operated by Helte Co., Ltd. (Dai-ichi Mitoya Bldg. 3F 2-28 Azumakami-cho, Kashiwa City, Chiba 277-0011; hereinafter referred to as “Helte”). 
 Individual users of the Service and those who wish to register (hereinafter referred to as “Users”. In the event that an entity such as a corporation to which Users belong (hereinafter referred to as the “Corporation”) enters into a contract with Helte for the provision of the Service (hereinafter referred to as the “Corporate Contract”) and uses the Service based on the Corporate Contract and these Terms, the relevant Users are referred to as “Corporate Users”. In these Terms, the word “Users” shall include “Corporate Users” unless clearly excluded by its statement.) are requested to use the Service in accordance with these Terms.
        </p>
        <div>
          <h2
            className="sc-EHOje xvqjN"
          >
            Article 1   Application
          </h2>
          <p
            className="sc-bZQynM iNQtbA"
          >
            1. These Terms shall apply to all relationships between Helte and Users regarding the use of the Service. Users are deemed to have agreed to these Terms and the Privacy Policy separately set forth by Helte when they register for the Service (or, for Corporate Users, when they first use the Service).
2. If there is an individual agreement separate from these Terms between Helte and Users (hereinafter referred to as “Individual Agreement”), the provisions of the Individual Agreement shall take precedence. However, this does not apply to the Privacy Policy.
          </p>
        </div>
        <div>
          <h2
            className="sc-EHOje xvqjN"
          >
            Article 2   Basic Policy for the Service
          </h2>
          <p
            className="sc-bZQynM iNQtbA"
          >
            1. Helte may change these Terms at its discretion. In the event that Helte changes the Terms, notification will be given in a manner that Helte deems appropriate, stating that the Terms are being changed, the details of the change, and the effective date thereof.
2. When the Terms are changed, the new Terms shall apply to the fees for using the Service (hereinafter referred to as “Service Fee”) and all policies related to the Service.
3. Users shall use the Service in accordance with the method separately determined by Helte.
          </p>
        </div>
        <div>
          <h2
            className="sc-EHOje xvqjN"
          >
            Article 3   Account Registration
          </h2>
          <p
            className="sc-bZQynM iNQtbA"
          >
            1. Users shall register the information necessary to use the Service (hereinafter referred to as “Account”) by the procedures specified by Helte. However, as for the information of Corporate Users, the Corporation shall provide the necessary information to Helte, and Helte shall register an Account on behalf of Corporate Users.
2. When Users (excluding Corporate Users) register for an Account, they are deemed to have agreed to the following items:
(1) Users’ internet environment does not interfere with the use of the Service;
(2) Helte is able to send notifications, ads, and surveys to Users via email and in-app messages regarding the Service;
(3) For the purpose of improving the quality of the response by the customer support, Helte may record, tape, and store the contents of Users’ inquiry; and
(4) For the purpose of improving the quality of conversations, ensuring appropriate use, and researching Japanese language learning, etc., Helte may record conversations between users, and Helte and its subcontractor may use, accumulate, and analyze conversation records such as these audio and video recordings and chat histories.
3. If Corporate Users use the Service, it shall be deemed that they have agreed to each item of the preceding paragraph (“Users” shall be replaced with “Corporate Users”) and that Helte shall disclose the usage of the Service and conversation records of Corporate Users to the Corporation.
4. If Users are minors (referring to “minor” under the laws of the Users’ home country; the same shall apply hereinafter), their legal representative shall register Users’ account on behalf of Users, and in such cases, Users shall be deemed to have agreed to the items of Paragraph 2 when the person with parental authority registers the Accounts.
5. Helte may reject the application for registration, or cancel the registration even if it has already been completed, when Users fall under any of the following conditions or are reasonably suspected of falling under any of the conditions:
(1) Users do not exist;
(2) Account registration is made by someone other than the person with parental authority over Users, even though Users are minors;
(3) Multiple registrations are attempted or made;
(4) Falsehoods, errors, or omissions are found in the registration process;
(5) Users’ registration has been cancelled by Helte in the past;
(6) The credit card specified by Users does not exist or has been suspended;
(7) Users have failed to make payment in the past;
(8) Users are in violation of Article 19;
(9) Users are in violation of Article 5;
(10) The account name or profile photo is deemed inappropriate by Helte; or
(11) Other cases in which Helte judges Users inappropriate as a user of the Service.
6. Account must be strictly managed by Users. Helte shall consider that the use of the Service is by Users themselves when the information entered at the time of login matches the registered one.
7. Users shall not allow a third party to use their Account, and shall not transfer or lend their Account to a third party.
8. If Users lose their Accounts or suspect that their Accounts are being used illegally by a third party, they must promptly contact Helte and follow the instructions. Users shall be liable to compensate for all damages caused by the delay in contacting Helte.
9. If the Corporate Contract is terminated or Corporate Users resign from the Corporation, Corporate Users shall not be able to use the Service unless they individually conclude a separate contract with Helte.
          </p>
        </div>
        <div>
          <h2
            className="sc-EHOje xvqjN"
          >
            Article 4   Change of Account
          </h2>
          <p
            className="sc-bZQynM iNQtbA"
          >
            If there are any changes to the information provided to Helte upon Account registration, or if it becomes necessary to make changes to the Account, Users shall change their Accounts without delay by the procedures specified by Helte. In no event shall Helte be liable for any damages incurred by Users as a result of delays in completing such procedures.
          </p>
        </div>
        <div>
          <h2
            className="sc-EHOje xvqjN"
          >
            Article 5   Prohibitions
          </h2>
          <p
            className="sc-bZQynM iNQtbA"
          >
            1. Users shall not engage in any of the following acts when using the Service:
(1) Violation of laws and regulations or public order and morals;
(2) Criminal acts;
(3) Destruction or obstruction of the function of the server or network of Helte;
(4) Behavior that may interfere with the operation of the Service;
(5) Collection or accumulation of other users’ personal information;
(6) Impersonation of other users;
(7) Direct or indirect provision of benefits to anti-social forces in relation to the Service;
(8) Input or registration of false information when using the Service;
(9) Actions that cause or may cause trouble, disadvantage or damage to other users, third parties or Helte; 
(10) Advertisement, promotion, or solicitation involving other users;
(11) Actions that infringe or may infringe on the intellectual property such as copyrights, privacy, personal rights, or other rights of other users, third parties, or Helte;
(12) Use of the Service without concluding a separate use contract after Corporate Users leave the Corporation;
(13) Any behavior that is or may be offensive to public order and morals or in violation of laws and regulations;
(14) Conversations between users by methods other than directly using the Service;
(15) Use of the Service for commercial purposes;
(16) Acts that involve any exchange of money between users; and
(17) Any other acts that Helte deems inappropriate, such as violent, sexual, and harassing acts.
2. Users shall not develop, plan, operate, or undertake to provide the same or similar services by using the information and know-how related to the Service, regardless of whether they are using the Service or have finished using it.
3. When Users are found to be engaging in prohibited activities, Helte may immediately suspend the use of the Service and demand compensation for damages from Users.
          </p>
        </div>
        <div>
          <h2
            className="sc-EHOje xvqjN"
          >
            Article 6   Suspension or Discontinuation of Provision of the Service
          </h2>
          <p
            className="sc-bZQynM iNQtbA"
          >
            1. Helte may suspend or discontinue the provision of all or part of the Service without prior notice to Users in the event that Helte deems any of the following events to exist:
(1) Maintenance, inspection, or updating of the computer system for the Service is conducted;
(2) Providing the Service becomes difficult due to force majeure such as earthquakes, lightning, fire, power outages, natural disasters, wars, and disturbances;
(3) Providing the Service becomes difficult due to an emergency situation;
(4) Computers or communication lines are shut down due to an accident;
(5) Systems or services necessary to provide the Service are interrupted; or
(6) Any other cases in which Helte deems it difficult to provide the Service.
2. Even during the period when the provision of the Service is suspended or interrupted based on the preceding paragraph, the Service Fee shall be incurred, and Users shall pay the Service Fee based on Article 7.
3. Helte shall not be liable for any disadvantage or damage suffered by Users or any other third party due to the suspension or discontinuation of the Service, regardless of its reason.
          </p>
        </div>
        <div>
          <h2
            className="sc-EHOje xvqjN"
          >
            Article 7   Service Fee / Payment
          </h2>
          <p
            className="sc-bZQynM iNQtbA"
          >
            1. The Service Fee varies depending on Users’ area of residence. For Users who are Other Language Speakers, the free use of the Service will end when the number of free trials specified separately is completed, or when the free trial period specified separately has elapsed, whichever comes first, and in order to continue using the Service, Users will need to switch to a paid plan. The Service Fee for the paid plan is determined based on the time zone and phone number entered by Users at the time of Account registration, and in reference to the fee schedule separately determined by Helte.Any other price described on our website including the landing page (which may be calculated based on IP address) is only for reference purpose.
2. The monthly Service Fee and any other fees incurred in connection with the use of the Service (taxes and transaction fees, if applicable) will be billed in accordance with the payment method registered in advance by Users (excluding Corporate Users. The same shall apply to this Article.). The timing of invoicing for payment to Users will be on the same day as the paid plan registration date of each month. The payment date may be changed if payment is not completed by the registered payment method, or if Users’ paid plan registration date is a calendar day that does not exist within the relevant month.
3. To use the Service with a paid plan, Users are required to provide one or more payment methods. If Users’ primary payment method is rejected or is no longer available, Users shall promptly register a new payment method. If there are any outstanding payments, Users shall continue to be responsible for such amounts. If a payment cannot be settled due to expiration, insufficient funds, or any other reasons, Helte may suspend the Users’ use of the Service until a valid payment method can be charged. For some payment methods, the issuer may charge certain fees (such as foreign currency exchange fees or other fees related to the processing of the payment method). The taxation may vary depending on each payment method used by Users. Please check with your service provider for details.
4. Users can change the payment method by visiting the [Account Information Page]. In some cases, Helte may change Users’ payment method by using information provided by the payment service provider. In this case, Users will allow Helte to continue billing based on that payment method after the change. 
5. Helte may change the Service Fee from time to time, but any fee change will be effective at least thirty (30) days after notice of the change is given to Users.
          </p>
        </div>
        <div>
          <h2
            className="sc-EHOje xvqjN"
          >
            Article 8   Cancellation
          </h2>
          <p
            className="sc-bZQynM iNQtbA"
          >
            Users may cancel the Service at any time, and if Users are subscribed to a paid plan, they may continue to use the Service until the end of the billing period. Even if Users terminate their use of the Service before the available period, the paid Service Fee will not be refunded. If Users cancel the Service, the Users’ Accounts will be closed when the Users cancel their paid plans and follow the procedure for Account deletion.
          </p>
        </div>
        <div>
          <h2
            className="sc-EHOje xvqjN"
          >
            Article 9   Usage Restriction
          </h2>
          <p
            className="sc-bZQynM iNQtbA"
          >
            1. Helte may restrict the use of all or part of the Service to Users without prior notice in the following cases:
(1) If Users violate any of the provisions of these Terms;
(2) If all or part of the information provided by Users to Helte is found to be false;
(3) If Users die, or are judged to have commenced guardianship, conservatorship, or assistance;
(4) If Users delay payment of the Service Fee;
(5) If Users become insolvent or unable to make payments, or if there is petition for commencement of bankruptcy proceedings or similar proceedings;
(6) If Helte determines that Users are, or may be, organized crime groups, organized crime group-related companies, corporate racketeer, or similar parties or their members; or
(7) In any other cases where Helte judges that the use of the Service by Users is inappropriate.
2. Even if the use of the Service is restricted based on the preceding paragraph, the Service Fee shall still be incurred, and Users shall pay the Service Fee based on Article 7.
3. Helte shall not be liable for any damages caused to Users or the Corporation due to the actions taken by Helte in accordance with this Article.
          </p>
        </div>
        <div>
          <h2
            className="sc-EHOje xvqjN"
          >
            Article 10   Damages
          </h2>
          <p
            className="sc-bZQynM iNQtbA"
          >
            1. Helte shall not be liable to compensate for any damages incurred by Users arising out of or in connection with the use of the Service, except in cases of intentional misconduct or gross negligence by Helte.
2. If Users cause damage to Helte, Corporations, other users, or any other third parties due to or in connection with the use of the Service for reasons attributable to them, Users shall compensate for such damage.
          </p>
        </div>
        <div>
          <h2
            className="sc-EHOje xvqjN"
          >
            Article 11   Indemnity
          </h2>
          <p
            className="sc-bZQynM iNQtbA"
          >
            1. Notwithstanding the provision of Paragraph 1 of the preceding Article, Helte shall not be liable for any communication, contract, transaction, transfer of money, or dispute between Users and other users or third parties with respect to the Service.
2. Notwithstanding the provision of Paragraph 1 of the preceding Article, Helte shall not be liable for any damage or disadvantage caused to Users, Corporations, or third parties arising from the use of the Service, including but not limited to accidents on software or hardware, contamination by computer viruses, and loss or damage of data.
3. If there is unauthorized access to or unauthorized modification of the Service, Helte shall not be liable for any and all damages incurred by Users as a result of the use of or inability to use the Service.
4. Even if Helte bears some liability to Users, Helte’s aggregate liability shall be limited to 5,000 yen or the total amount of consideration paid by Users to Helte for the use of the Service in the past three (3) months, whichever is lower, except for Helte’s intentional misconduct or gross negligence.
5. Helte makes no warranty that the Service is free of errors, defects, or other deficiencies, that it does not infringe on the rights of third parties, or that it has the content and value expected by Users.
6. Helte may use external services provided by a third party to provide part of the Service, but the service provider shall be responsible for the external service and Helte shall not be responsible for any failure, error, or defect related to such external service.
          </p>
        </div>
        <div>
          <h2
            className="sc-EHOje xvqjN"
          >
            Article 12   Changes in Service Content and Notification
          </h2>
          <p
            className="sc-bZQynM iNQtbA"
          >
            In the event of a change in the contents of the Service, Helte will notify the change and the date of the change in a manner that Helte deems appropriate.
          </p>
        </div>
        <div>
          <h2
            className="sc-EHOje xvqjN"
          >
            Article 13   Termination of the Service
          </h2>
          <p
            className="sc-bZQynM iNQtbA"
          >
            Helte may terminate the provision of the Service. In this case, Helte shall notify Users of such termination and date of termination at least three (3) months prior to the termination.
          </p>
        </div>
        <div>
          <h2
            className="sc-EHOje xvqjN"
          >
            Article 14   Confidentiality
          </h2>
          <p
            className="sc-bZQynM iNQtbA"
          >
            Unless prior written consent is obtained from Helte, Users shall not disclose to any third party any information obtained in connection with the use of the Service, and shall treat such information as confidential.
          </p>
        </div>
        <div>
          <h2
            className="sc-EHOje xvqjN"
          >
            Article 15   Notification or Contact
          </h2>
          <p
            className="sc-bZQynM iNQtbA"
          >
            Any notification or contact from Helte to Users shall be made by the method that Helte deems appropriate.
          </p>
        </div>
        <div>
          <h2
            className="sc-EHOje xvqjN"
          >
            Article 16   No Assignment
          </h2>
          <p
            className="sc-bZQynM iNQtbA"
          >
            Users may not transfer its position in the use of the Service or its rights or obligations under these Terms to a third party or offer them as collateral without Helte’s prior written consent.
          </p>
        </div>
        <div>
          <h2
            className="sc-EHOje xvqjN"
          >
            Article 17   Intellectual Property Rights
          </h2>
          <p
            className="sc-bZQynM iNQtbA"
          >
            1. Users acknowledge and agree that the site of the Service (hereinafter referred to as the “Site”), the software necessary to connect to the Service (hereinafter referred to as the  “Software”), all contents (including documents, videos, images, and other educational materials; the same applies hereafter) within the Site and the Service, and all contents created or provided by Helte in connection with the Service, as well as all copyrights and other intellectual property rights related thereto, belongs to Helte and those who have granted licenses to Helte.
2. Except for the right to use the Service in accordance with these Terms (which is a non-exclusive and non-transferable right), no rights are transferred or granted to Users.
          </p>
        </div>
        <div>
          <h2
            className="sc-EHOje xvqjN"
          >
            Article 18   Handling of Registered Information
          </h2>
          <p
            className="sc-bZQynM iNQtbA"
          >
            1. Helte shall use the information registered by Users for the use of the Service (including information received by Helte from the Corporation and registered on behalf of Corporate Users; hereinafter referred to as Registered Information) only for the following purpose:
(1) Operation and provision of the Service and other services developed by Helte (hereinafter collectively referred to as “Helte’s Services”);
(2) Improvement of Helte’s Services and development of new services;
(3) Provision of information and distribution of ads related to Helte’s Services;
(4) Response to inquiries and consultations from Users;
(5) Creation of statistical data that cannot identify specific individuals;
(6) SMS authentication for identification of Users; and
(7) Various surveys, analysis, and marketing related to purposes of use listed in the preceding items.
2. Helte shall not disclose or provide the Registered Information to any third party. However, this shall not apply in the following cases:
(1) When Users have given permission;
(2) When the information is disclosed or provided in a manner that does not identify Users;
(3) When disclosure or provision is permitted under laws and regulations;
(4) When disclosure or provision is required by laws and regulations;
(5) When part or all of the Service is entrusted to a third party for the purpose of providing the Service; or 
(6) When the operation of the Service is transferred to a third party. 
3. Users agree that Helte may disclose or provide their Registered Information to third parties in the following cases:
(1) When responding to the Corporation when receiving an inquiry or the like about the Registered Information of Corporate Users from the Corporation; or
(2) When distributing ads and other information about Helte’s Services through a service provided by a third party.
4. As for the Registered Information which falls under the category of “Personal Information” under the Personal Information Protection Law of Japan, Helte shall manage and use it in accordance with the Privacy Policy on the Site. However, Helte does not guarantee that the leakage, loss, or falsification of the Personal Information will be completely prevented.
5. Users agree that Helte may use the Registered Information to send mail magazines, direct mails, and other guidance regarding Helte’s Services to Users.
          </p>
        </div>
        <div>
          <h2
            className="sc-EHOje xvqjN"
          >
            Article 19   Exclusion of Anti-social Forces
          </h2>
          <p
            className="sc-bZQynM iNQtbA"
          >
            1. Helte and Users shall mutually represent and warrant that:
(1) each of them is not an organized crime group, organized crime group member, a party who has been organized crime group member for less than five (5) years, organized crime group quasi-member, organized crime group-related company, corporate racketeer, a miscreant advocating political activism, an intellectual crime group, or any other party equivalent thereto (hereinafter collectively referred to as “Anti-social Forces”);
(2) each of them has not been an Anti-social Forces; and 
(3) each of them has not provided funds or services to Anti-social Forces, has not engaged in any transactions with Anti-social Forces, and has not had any other relationship with Anti-social Forces.
2. If Helte and Users discover any violation of the preceding paragraph, then Helte and Users shall immediately notify the other Party to that effect.
3. Users shall not, by itself or through a third party, engage in any of the following acts:
(1) Demands in a violent manner; 
(2) Unreasonable demands beyond legal responsibility;
(3) Use of violence, threatening words or actions in relation to or in use of the Service;
(4) Dissemination of false rumors, defamation of the reputation or credibility of Helte, or obstruction of the business of Helte by means of deception or force; and 
(5) Any other action equivalent to the preceding items.
          </p>
        </div>
        <div>
          <h2
            className="sc-EHOje xvqjN"
          >
            Article 20   Governing Law and Jurisdiction
          </h2>
          <p
            className="sc-bZQynM iNQtbA"
          >
            These Terms shall be governed by and construed in accordance with the laws of Japan. In the event of any dispute regarding the Service, the Tokyo District Court shall have exclusive jurisdiction as the court of first instance.
          </p>
        </div>
        <div>
          <h2
            className="sc-EHOje xvqjN"
          >
            Article 21   Consultation
          </h2>
          <p
            className="sc-bZQynM iNQtbA"
          >
            Any matter not stipulated in these Terms or any doubt arising with respect to any provision of these Terms shall be resolved amicably upon mutual consultation in good faith between Helte and Users.
          </p>
        </div>
        <p
          className="sc-bZQynM iNQtbA"
        >
          Established on 1 August 2019
Revised on 30 June 2021
        </p>
      </div>
    </div>
  </div>
  <div
    className="sc-eNQAEJ beJbqR"
  >
    <img
      className="sc-kkGfuU bisGot"
      data-active={false}
      onClick={[Function]}
      src="/assets/img/common/evaluation/check@2x.png"
    />
    <small
      className="sc-hMqMXs fKfrfH"
    >
      I agree with Sail's Terms of Service.
    </small>
  </div>
  <div
    className="sc-jKJlTe iUQcFZ"
  >
    <button
      className="sc-bdVaJa flPgLV"
      data-active={true}
      fontSize={27}
      height={80}
      onClick={[Function]}
      type="white"
      width={200}
    >
      Cancel
    </button>
    <button
      className="sc-bdVaJa hxYogk"
      data-active={false}
      fontSize={27}
      height={80}
      onClick={[Function]}
      type="blue"
      width={200}
    >
      Agree
    </button>
  </div>
</div>
`;
